<?xml version="1.0" encoding="utf-8"?><testsuite errors="0" failures="0" name="pytest" skipped="0" tests="5" time="0.162"><testcase classname="test.test_formater.TestFormater" file="test/test_formater.py" line="13" name="test_format_to_xml" time="0.001"></testcase><testcase classname="test.test_formater.TestFormater" file="test/test_formater.py" line="6" name="test_plain_lowercase" time="0.000"></testcase><testcase classname="test.test_views.FlaskrTestCase" file="test/test_views.py" line="14" name="test_msg_with_output" time="0.025"></testcase><testcase classname="test.test_views.FlaskrTestCase" file="test/test_views.py" line="19" name="test_name" time="0.001"></testcase><testcase classname="test.test_views.FlaskrTestCase" file="test/test_views.py" line="10" name="test_outputs" time="0.002"></testcase></testsuite>